
Note: No compatibility mode selected!


Circuit: simplified five-terminal uc3907 functional demonstration

Doing analysis at TEMP = 27.000000 and TNOM = 27.000000

Using SPARSE 1.3 as Direct Linear Solver
Note: Starting dynamic gmin stepping
Note: Dynamic gmin stepping completed

Initial Transient Solution
--------------------------

Node                                   Voltage
----                                   -------
csa                                        0.1
csb                                      0.075
xa.cst                                    2.21
xa.cs                                     2.21
xa.busbias                                0.25
bus                                    2.21108
xa.adjraw                              1.14987
xa.abias                                  1.15
adja                                         0
xb.cst                                    1.72
xb.cs                                     1.72
xb.busbias                                0.25
xb.adjraw                               2.9002
xb.abias                                  1.15
adjb                                       0.1
xs.cst                                    2.21
xs.cs                                     2.21
xs.busbias                                0.25
solo_bus                               2.21304
xs.adjraw                              1.14987
xs.abias                                  1.15
adj_solo                                     0
xz.cst                                    2.21
xz.cs                                     2.21
xz.busbias                                0.25
xz.adjraw                              1.14987
xz.abias                                  1.15
adj_short                                    0
b.xz.bout#branch                             0
b.xz.babi#branch                  -2.27656e-10
b.xz.bbias#branch                     -2.5e-05
b.xz.bcst#branch                             0
b.xs.bout#branch                             0
b.xs.babi#branch                  -2.27656e-10
b.xs.bbias#branch                  0.000196304
b.xs.bcst#branch                             0
b.xb.bout#branch                             0
b.xb.babi#branch                   2.95143e-06
b.xb.bbias#branch                  0.000196108
b.xb.bcst#branch                             0
b.xa.bout#branch                             0
b.xa.babi#branch                  -2.27656e-10
b.xa.bbias#branch                  0.000196108
b.xa.bcst#branch                             0
vcsb#branch                                  0
vcsa#branch                                  0


No. of Data Rows : 6022

  Measurements for Transient Analysis

adj_a_master        =  0.00000e+00
adj_b_slave         =  1.00000e-01
adj_a_slave         =  1.00000e-01
adj_b_master        =  0.00000e+00
adj_a_return_master =  0.00000e+00
adj_b_return_slave  =  1.00000e-01
standalone          =  0.00000e+00
short_bus           =  0.00000e+00
bus_first           =  2.21108e+00
bus_second          =  2.70010e+00


Total analysis time (seconds) = 0.154139

Total elapsed time (seconds) = 0.156 

Total DRAM available = 15652.383 MB.
DRAM currently available = 6487.938 MB.
Maximum ngspice program size =   20.625 MB.
Current ngspice program size =   13.336 MB.

Shared ngspice pages =   11.105 MB.
Text (code) pages =    6.469 MB.
Stack = 0 bytes.
Library pages =    2.422 MB.

